package post

import (
	"context"
	"database/sql"
	"fmt"
	"log"
	"math"
	"net/http"
	"sort"
	"strings"
	"time"

	"github.com/go-playground/validator/v10"
	"github.com/livetemplate/livetemplate"
	_ "github.com/livetemplate/lvt/components/styles/tailwind"
	"github.com/livetemplate/lvt/components/modal"
	"github.com/livetemplate/lvt/components/toast"
	"github.com/livetemplate/lvt/pkg/authz"
	"testmodule/database/models"
)

var validate = validator.New()

func init() {
	authz.Register("posts", &authz.DefaultPolicy{})
}

type PostItem = models.Post

type AddInput struct {
	Title string `json:"title" validate:"required,min=3"`
	Content string `json:"content" validate:"required,min=3"`
}

type UpdateInput struct {
	ID string `json:"id" validate:"required"`
	Title string `json:"title" validate:"required,min=3"`
	Content string `json:"content" validate:"required,min=3"`
}

type IDInput struct {
	ID string `json:"id" validate:"required"`
}

type SearchInput struct {
	Query string `json:"query"`
}

type SortInput struct {
	SortBy string `json:"sort_by"`
}

type PaginationInput struct {
	Page int `json:"page" validate:"required,min=1"`
}

// PostController is a singleton that holds dependencies (DB, logger, etc.)
type PostController struct {
	Queries *models.Queries
}

// PostState is pure data, cloned per session
type PostState struct {
	Title        string                `json:"title"`
	SearchQuery  string                `json:"search_query"`
	SortBy       string                `json:"sort_by"`
	FilteredPosts  []PostItem `json:"filtered_posts"`
	CurrentPage  int                   `json:"current_page"`
	PageSize     int                   `json:"page_size"`
	TotalPages   int                   `json:"total_pages"`
	PaginatedPosts []PostItem `json:"paginated_posts"`
	TotalCount   int                   `json:"total_count"`
	LastUpdated  string                `json:"last_updated"`
	EditingID    string                `json:"editing_id" lvt:"transient"`
	EditingPost *PostItem   `json:"editing_post" lvt:"transient"`
	IsEditingMode bool                 `json:"is_editing_mode"` // For page mode: true when at /resource/:id/edit
	PaginationMode string              `json:"pagination_mode"` // "infinite", "load-more", "prev-next", "numbers"
	LoadedCount    int                 `json:"loaded_count"`    // For infinite/load-more modes
	HasMore        bool                `json:"has_more"`        // Whether more items available
	IsLoading      bool                `json:"is_loading"`      // Loading indicator
	CSSFramework    string              `json:"-"`               // CSS framework for templates
	Toasts          *toast.Container    `json:"toasts"`
	// Sort reversion protection: morphdom can trigger spurious change events
	PrevSortBy   string                `json:"prev_sort_by" lvt:"transient"`   // Previous sort value before last change
	LastSortTime int64                 `json:"last_sort_time" lvt:"transient"` // Unix nano of last sort action
}

// Add handles the "add" action to create a new resource
func (c *PostController) Add(state PostState, ctx *livetemplate.Context) (PostState, error) {
	dbCtx := context.Background()

	var input AddInput
	if err := ctx.BindAndValidate(&input, validate); err != nil {
		return state, err
	}

	now := time.Now()
	id := fmt.Sprintf("post-%d", now.UnixNano())
	if ctx.UserID() == "" {
		return state, fmt.Errorf("authentication required to create post")
	}

	_, err := c.Queries.CreatePost(dbCtx, models.CreatePostParams{
		ID:        id,
		Title: input.Title,
		Content: input.Content,
		CreatedBy: ctx.UserID(),
		CreatedAt: now,
	})
	if err != nil {
		return state, fmt.Errorf("failed to create post: %w", err)
	}

	state, err = c.loadPosts(state, dbCtx)
	if err != nil {
		return state, err
	}
	state.Toasts.AddSuccess("Created", "Post created successfully")
	state.LastUpdated = formatTime()
	return state, nil
}

// Edit handles the "edit" action to start editing a resource
func (c *PostController) Edit(state PostState, ctx *livetemplate.Context) (PostState, error) {
	dbCtx := context.Background()

	var input IDInput
	if err := ctx.BindAndValidate(&input, validate); err != nil {
		return state, err
	}
	// Check authorization
	if item, err := c.Queries.GetPostByID(dbCtx, input.ID); err == nil {
		user := authz.UserFrom(ctx.UserID(), c.getUserRole(dbCtx, ctx.UserID()))
		if !authz.Can(user, authz.ActionUpdate, "posts", authz.OwnedBy(item.CreatedBy)) {
			state.Toasts.AddError("Forbidden", "You don't have permission to edit this post")
			return state, nil
		}
	}

	// Find the item to edit
	posts, err := c.Queries.GetAllPosts(dbCtx)
	if err != nil {
		return state, fmt.Errorf("failed to load posts: %w", err)
	}

	for _, item := range posts {
		if item.ID == input.ID {
			state.EditingID = input.ID
			itemCopy := item
			state.EditingPost = &itemCopy
			break
		}
	}

	state.LastUpdated = formatTime()
	return state, nil
}

// Update handles the "update" action to save changes to a resource
func (c *PostController) Update(state PostState, ctx *livetemplate.Context) (PostState, error) {
	dbCtx := context.Background()

	var input UpdateInput
	if err := ctx.BindAndValidate(&input, validate); err != nil {
		return state, err
	}
	// Check authorization before update
	if updateItem, err := c.Queries.GetPostByID(dbCtx, input.ID); err != nil {
		return state, fmt.Errorf("post not found: %w", err)
	} else {
		user := authz.UserFrom(ctx.UserID(), c.getUserRole(dbCtx, ctx.UserID()))
		if !authz.Can(user, authz.ActionUpdate, "posts", authz.OwnedBy(updateItem.CreatedBy)) {
			state.Toasts.AddError("Forbidden", "You don't have permission to update this post")
			return state, nil
		}
	}
	err := c.Queries.UpdatePost(dbCtx, models.UpdatePostParams{
		ID: input.ID,
		Title: input.Title,
		Content: input.Content,
	})
	if err != nil {
		return state, fmt.Errorf("failed to update post: %w", err)
	}

	// For page mode: Exit edit mode and stay on detail view
	state.IsEditingMode = false

	// Reload the updated resource
	state, err = c.loadPosts(state, dbCtx)
	if err != nil {
		return state, err
	}

	// Close modal / clear editing state after successful save
	state.EditingID = ""
	state.EditingPost = nil
	state.Toasts.AddSuccess("Updated", "Post updated successfully")
	state.LastUpdated = formatTime()
	return state, nil
}

// CancelEdit handles the "cancel_edit" action to cancel editing
func (c *PostController) CancelEdit(state PostState, _ *livetemplate.Context) (PostState, error) {
	state.EditingID = ""
	state.EditingPost = nil
	state.LastUpdated = formatTime()
	return state, nil
}

// View handles the "view" action to view a resource
func (c *PostController) View(state PostState, ctx *livetemplate.Context) (PostState, error) {
	dbCtx := context.Background()

	var input IDInput
	if err := ctx.BindAndValidate(&input, validate); err != nil {
		return state, err
	}

	// Find the item to view/edit
	posts, err := c.Queries.GetAllPosts(dbCtx)
	if err != nil {
		return state, fmt.Errorf("failed to load posts: %w", err)
	}

	for _, item := range posts {
		if item.ID == input.ID {
			state.EditingID = input.ID
			itemCopy := item
			state.EditingPost = &itemCopy
			break
		}
	}

	state.LastUpdated = formatTime()
	return state, nil
}

// Back handles the "back" action to return to list view
func (c *PostController) Back(state PostState, _ *livetemplate.Context) (PostState, error) {
	state.EditingID = ""
	state.EditingPost = nil
	state.LastUpdated = formatTime()
	return state, nil
}

// Delete handles the "delete" action - deletes a resource after client-side confirmation.
func (c *PostController) Delete(state PostState, ctx *livetemplate.Context) (PostState, error) {
	var input IDInput
	if err := ctx.BindAndValidate(&input, validate); err != nil {
		return state, err
	}
	dbCtx := context.Background()
	// Check authorization
	if deleteItem, err := c.Queries.GetPostByID(dbCtx, input.ID); err != nil {
		return state, fmt.Errorf("post not found: %w", err)
	} else {
		user := authz.UserFrom(ctx.UserID(), c.getUserRole(dbCtx, ctx.UserID()))
		if !authz.Can(user, authz.ActionDelete, "posts", authz.OwnedBy(deleteItem.CreatedBy)) {
			state.Toasts.AddError("Forbidden", "You don't have permission to delete this post")
			return state, nil
		}
	}

	err := c.Queries.DeletePost(dbCtx, input.ID)
	if err != nil {
		return state, fmt.Errorf("failed to delete post: %w", err)
	}

	state.EditingID = ""
	state.EditingPost = nil

	state, err = c.loadPosts(state, dbCtx)
	if err != nil {
		return state, err
	}

	state.Toasts.AddSuccess("Deleted", "Post deleted successfully")
	state.LastUpdated = formatTime()
	return state, nil
}

// DismissToastNotifications handles the "dismiss_toast_notifications" action
func (c *PostController) DismissToastNotifications(state PostState, ctx *livetemplate.Context) (PostState, error) {
	toastID := ctx.GetString("toast")
	if toastID != "" {
		state.Toasts.Dismiss(toastID)
	}
	return state, nil
}

// Search handles the "search" action to filter resources
func (c *PostController) Search(state PostState, ctx *livetemplate.Context) (PostState, error) {
	dbCtx := context.Background()

	var input SearchInput
	if err := ctx.BindAndValidate(&input, validate); err != nil {
		return state, err
	}
	state.SearchQuery = input.Query
	// Reset infinite scroll when searching
	if state.PaginationMode == "infinite" || state.PaginationMode == "load-more" {
		state.LoadedCount = state.PageSize
	}

	state, err := c.loadPosts(state, dbCtx)
	if err != nil {
		return state, err
	}

	state.LastUpdated = formatTime()
	return state, nil
}

// Sort handles the "sort" action to sort resources
func (c *PostController) Sort(state PostState, ctx *livetemplate.Context) (PostState, error) {
	dbCtx := context.Background()

	var input SortInput
	if err := ctx.BindAndValidate(&input, validate); err != nil {
		return state, err
	}

	now := time.Now().UnixNano()

	// Detect and ignore spurious morphdom-triggered reversions:
	// If we receive a value that equals the previous value, and it's within 500ms of the last change,
	// this is likely a spurious event from morphdom updating the select element
	if state.LastSortTime > 0 {
		elapsed := now - state.LastSortTime
		elapsedMs := elapsed / 1_000_000
		if input.SortBy == state.PrevSortBy && elapsedMs < 500 {
			return state, nil
		}
	}

	// Track previous value and update
	state.PrevSortBy = state.SortBy
	state.SortBy = input.SortBy
	state.LastSortTime = now
	// Note: Don't reset LoadedCount when sorting - keep all loaded items visible
	// Just re-sort the existing items for better UX

	state, err := c.loadPosts(state, dbCtx)
	if err != nil {
		return state, err
	}

	state.LastUpdated = formatTime()
	return state, nil
}

// NextPage handles the "next_page" action for pagination
func (c *PostController) NextPage(state PostState, _ *livetemplate.Context) (PostState, error) {
	dbCtx := context.Background()

	if state.CurrentPage < state.TotalPages {
		state.CurrentPage++
	}
	state, err := c.loadPosts(state, dbCtx)
	if err != nil {
		return state, err
	}

	state.LastUpdated = formatTime()
	return state, nil
}

// PrevPage handles the "prev_page" action for pagination
func (c *PostController) PrevPage(state PostState, _ *livetemplate.Context) (PostState, error) {
	dbCtx := context.Background()

	if state.CurrentPage > 1 {
		state.CurrentPage--
	}
	state, err := c.loadPosts(state, dbCtx)
	if err != nil {
		return state, err
	}

	state.LastUpdated = formatTime()
	return state, nil
}

// GotoPage handles the "goto_page" action to jump to a specific page
func (c *PostController) GotoPage(state PostState, ctx *livetemplate.Context) (PostState, error) {
	dbCtx := context.Background()

	var input PaginationInput
	if err := ctx.BindAndValidate(&input, validate); err != nil {
		return state, err
	}
	if input.Page >= 1 && input.Page <= state.TotalPages {
		state.CurrentPage = input.Page
	}
	state, err := c.loadPosts(state, dbCtx)
	if err != nil {
		return state, err
	}

	state.LastUpdated = formatTime()
	return state, nil
}

// LoadMore handles the "load_more" action for infinite scroll
func (c *PostController) LoadMore(state PostState, _ *livetemplate.Context) (PostState, error) {
	dbCtx := context.Background()

	if state.PaginationMode == "infinite" || state.PaginationMode == "load-more" {
		if state.HasMore && !state.IsLoading {
			state.IsLoading = true
			state.LoadedCount += state.PageSize
			var err error
			state, err = c.loadPosts(state, dbCtx)
			if err != nil {
				return state, err
			}
			state.IsLoading = false
		}
	}

	state.LastUpdated = formatTime()
	return state, nil
}

// Mount is called when a new session is created or when page-mode navigation triggers a remount.
func (c *PostController) Mount(state PostState, ctx *livetemplate.Context) (PostState, error) {
	return c.loadPosts(state, context.Background())
}

func (c *PostController) loadPosts(state PostState, ctx context.Context) (PostState, error) {
	posts, err := c.Queries.GetAllPosts(ctx)
	if err != nil {
		return state, fmt.Errorf("failed to load posts: %w", err)
	}

	if state.SearchQuery == "" {
		state.FilteredPosts = posts
	} else {
		state.FilteredPosts = []PostItem{}
		query := strings.ToLower(state.SearchQuery)
		for _, item := range posts {
			if strings.Contains(strings.ToLower(item.Title), query) {
				state.FilteredPosts = append(state.FilteredPosts, item)
				continue
			}
			if strings.Contains(strings.ToLower(item.Content), query) {
				state.FilteredPosts = append(state.FilteredPosts, item)
				continue
			}
		}
	}

	state.TotalCount = len(posts)
	state = applySorting(state)
	state = applyPagination(state)

	return state, nil
}

// applySorting sorts the filtered items in-place based on the SortBy field.
// Note: sort.Slice mutates the slice in place. This is safe because:
// 1. State is cloned per session via AsState (JSON serialization creates fresh slices)
// 2. The slice is populated fresh from the database in each load operation
// 3. State is passed by value and returned, not shared across sessions
func applySorting(state PostState) PostState {
	switch state.SortBy {
	case "title_asc":
		sort.Slice(state.FilteredPosts, func(i, j int) bool {
			return strings.ToLower(state.FilteredPosts[i].Title) < strings.ToLower(state.FilteredPosts[j].Title)
		})
	case "title_desc":
		sort.Slice(state.FilteredPosts, func(i, j int) bool {
			return strings.ToLower(state.FilteredPosts[i].Title) > strings.ToLower(state.FilteredPosts[j].Title)
		})
	case "content_asc":
		sort.Slice(state.FilteredPosts, func(i, j int) bool {
			return strings.ToLower(state.FilteredPosts[i].Content) < strings.ToLower(state.FilteredPosts[j].Content)
		})
	case "content_desc":
		sort.Slice(state.FilteredPosts, func(i, j int) bool {
			return strings.ToLower(state.FilteredPosts[i].Content) > strings.ToLower(state.FilteredPosts[j].Content)
		})
	case "oldest_first":
		sort.Slice(state.FilteredPosts, func(i, j int) bool {
			return state.FilteredPosts[i].CreatedAt.Before(state.FilteredPosts[j].CreatedAt)
		})
	default:
		sort.Slice(state.FilteredPosts, func(i, j int) bool {
			return state.FilteredPosts[i].CreatedAt.After(state.FilteredPosts[j].CreatedAt)
		})
	}
	return state
}

func applyPagination(state PostState) PostState {
	if state.PaginationMode == "infinite" || state.PaginationMode == "load-more" {
		return applyInfiniteScroll(state)
	}
	return applyPagedNavigation(state)
}

func applyInfiniteScroll(state PostState) PostState {
	// Initialize LoadedCount if not set
	if state.LoadedCount == 0 {
		state.LoadedCount = state.PageSize
	}

	if len(state.FilteredPosts) == 0 {
		state.PaginatedPosts = []PostItem{}
		state.HasMore = false
		return state
	}

	// Load items from 0 to LoadedCount
	end := state.LoadedCount
	if end > len(state.FilteredPosts) {
		end = len(state.FilteredPosts)
	}

	state.PaginatedPosts = state.FilteredPosts[0:end]
	state.HasMore = end < len(state.FilteredPosts)
	return state
}

func applyPagedNavigation(state PostState) PostState {
	if len(state.FilteredPosts) == 0 {
		state.TotalPages = 1
		state.CurrentPage = 1
		state.PaginatedPosts = []PostItem{}
		return state
	}

	state.TotalPages = int(math.Ceil(float64(len(state.FilteredPosts)) / float64(state.PageSize)))

	if state.CurrentPage < 1 {
		state.CurrentPage = 1
	}
	if state.CurrentPage > state.TotalPages {
		state.CurrentPage = state.TotalPages
	}

	start := (state.CurrentPage - 1) * state.PageSize
	end := start + state.PageSize
	if end > len(state.FilteredPosts) {
		end = len(state.FilteredPosts)
	}

	state.PaginatedPosts = state.FilteredPosts[start:end]
	return state
}

func formatTime() string {
	return time.Now().Format("2006-01-02 15:04:05")
}

// getUserRole loads the user's role from the database.
func (c *PostController) getUserRole(ctx context.Context, userID string) string {
	if userID == "" {
		return ""
	}
	user, err := c.Queries.GetUserByID(ctx, userID)
	if err != nil {
		return ""
	}
	return user.Role
}

// Handler creates an http.Handler for this resource
func Handler(queries *models.Queries) http.Handler {
	// Controller is a singleton that holds dependencies
	controller := &PostController{
		Queries: queries,
	}

	// Initial state is pure data, cloned per session
	initialState := &PostState{
		Title:          "Post Management",
		CurrentPage:    1,
		PageSize:       20,
		PaginationMode: "infinite",
		LoadedCount:    20,
		LastUpdated:    formatTime(),
		CSSFramework:   "tailwind",
	}
	initialState.Toasts = toast.New("notifications",
		toast.WithPosition(toast.TopRight),
		toast.WithMaxVisible(3),
	)

	baseTmpl := livetemplate.Must(livetemplate.New("post",
		livetemplate.WithDevMode(false),
		livetemplate.WithComponentTemplates(
			modal.Templates(),
			toast.Templates(),
		),
		livetemplate.WithAuthenticator(authz.NewCookieAuthenticator("users_token", func(ctx context.Context, token string) (string, error) {
			row, err := controller.Queries.GetUserToken(ctx, models.GetUserTokenParams{
				Token:     token,
				ExpiresAt: sql.NullTime{Time: time.Now(), Valid: true},
			})
			if err != nil {
				return "", err
			}
			return row.UserID, nil
		})),
	))
	if _, err := baseTmpl.ParseFiles("app/post/post.tmpl"); err != nil {
		log.Fatalf("Failed to parse template: %v", err)
	}
	// Modal mode: clone template per request
	return http.HandlerFunc(func(w http.ResponseWriter, r *http.Request) {
		tmpl, err := baseTmpl.Clone()
		if err != nil {
			log.Printf("Failed to clone template: %v", err)
			http.Error(w, "Internal server error", http.StatusInternalServerError)
			return
		}
		tmpl.Handle(controller, livetemplate.AsState(initialState)).ServeHTTP(w, r)
	})
}
