package counter

import (
	"log"
	"net/http"
	"time"

	"github.com/livetemplate/livetemplate"
)

// CounterController is a singleton that holds dependencies
type CounterController struct {
	// Add your dependencies here (DB, Logger, etc.)
}

// CounterState is pure data, cloned per session
type CounterState struct {
	Title       string `json:"title"`
	LastUpdated string `json:"last_updated"`
	// Add your state fields here
}

// Add your action methods here. Example:
// func (c *CounterController) MyAction(state CounterState, ctx *livetemplate.Context) (CounterState, error) {
//     // Handle action
//     state.LastUpdated = formatTime()
//     return state, nil
// }

func formatTime() string {
	return time.Now().Format("2006-01-02 15:04:05")
}

// Handler creates an http.Handler for this view
func Handler() http.Handler {
	// Controller is a singleton that holds dependencies
	controller := &CounterController{}

	// Initial state is pure data, cloned per session
	initialState := &CounterState{
		Title:       "Counter",
		LastUpdated: formatTime(),
	}

	baseTmpl := livetemplate.New("counter", livetemplate.WithDevMode(false))
	return http.HandlerFunc(func(w http.ResponseWriter, r *http.Request) {
		tmpl, err := baseTmpl.Clone()
		if err != nil {
			log.Printf("Failed to clone template: %v", err)
			http.Error(w, "Internal server error", http.StatusInternalServerError)
			return
		}
		tmpl.Handle(controller, livetemplate.AsState(initialState)).ServeHTTP(w, r)
	})
}
